// Jest Snapshot v1, https://goo.gl/fbAQLP

exports[`renders Home component correctly 1`] = `
<div>
  <div
    class="container"
  >
    <div
      class="search-form"
    >
      <h4
        class="search-text"
      >
        Search GitHub by Username
      </h4>
      <form>
        <input
          type="text"
          value=""
        />
        <button
          type="submit"
        >
          Search
        </button>
      </form>
    </div>
    <div
      class="search-results"
    />
  </div>
</div>
`;
